{"SagaState":"SagaState","SagaId":"00000000-0000-0000-0000-000000000000","Initiator":{"InitiatingMessageId":"InitiatingMessageId","MessageType":"MessageType","IsSagaTimeoutMessage":true,"TimeSent":"2017-10-30T09:22:17Z","OriginatingMachine":"OriginatingMachine","OriginatingEndpoint":"OriginatingEndpoint","Intent":"intent"},"ResultingMessages":[{"MessageType":"MessageType","TimeSent":"2017-10-30T09:22:17Z","DeliveryAt":"2017-10-30T09:22:17Z","DeliveryDelay":"01:06:40","Destination":"Destination","ResultingMessageId":"ResultingMessageId","Intent":"Intent"}],"Endpoint":"Endpoint","IsNew":true,"IsCompleted":true,"StartTime":"2017-10-30T09:22:17Z","FinishTime":"2017-10-30T09:22:17Z","SagaType":"SagaType"}