{"$type":"NServiceBus.SagaAudit.Tests.SagaEntitySerialization+SagaEntityWithNestedObject, NServiceBus.SagaAudit.Tests"}